// Jest Snapshot v1, https://goo.gl/fbAQLP

exports[`<MobileView /> should match snapshot 1`] = `
<Fragment>
  <div
    className="row"
  >
    <div
      className="col-12 mb-2"
    >
      <SuggestionsLabel>
        Results for "
        action
        "
      </SuggestionsLabel>
    </div>
  </div>
  <SearchResults
    suggestion={
      Object {
        "text": "action",
        "type": "genre",
      }
    }
  />
  <div
    className="row"
  >
    <Suggestions
      handleClick={[MockFunction]}
      query="action"
    />
  </div>
</Fragment>
`;
